Debug: Starting transcription...
Debug: Audio path = sample.wav
File size: 54.9 MB
Auto-splitting (every 20 seconds)...
Debug: Splitting sample.wav into 20s chunks...
Debug: Frames: 28793856, Rate: 48000, Chunk length: 960000
Debug: Created chunk 1
Debug: Created chunk 2
Debug: Created chunk 3
Debug: Created chunk 4
Debug: Created chunk 5
Debug: Created chunk 6
Debug: Created chunk 7
Debug: Created chunk 8
Debug: Created chunk 9
Debug: Created chunk 10
Debug: Created chunk 11
Debug: Created chunk 12
Debug: Created chunk 13
Debug: Created chunk 14
Debug: Created chunk 15
Debug: Created chunk 16
Debug: Created chunk 17
Debug: Created chunk 18
Debug: Created chunk 19
Debug: Created chunk 20
Debug: Created chunk 21
Debug: Created chunk 22
Debug: Created chunk 23
Debug: Created chunk 24
Debug: Created chunk 25
Debug: Created chunk 26
Debug: Created chunk 27
Debug: Created chunk 28
Debug: Created chunk 29
Debug: Created chunk 30
Debug: Created 30 chunks.
Debug: Processing chunk 1/30
Debug: Unclear for segment 1
Debug: Processing chunk 2/30
Segment 2: 因為呢我哋就冇嗰啲it大嘅跟住就乜都好亂睇得出係咪就係我哋而家做咗啲嘢
Debug: Processing chunk 3/30
Segment 3: 做咗超文啦最緊要啦呢個系test嚟㗎嘛咁佢呢就要send去ling到呀得一個咁甩法寶嗰度呢佢就有冇得啊有
Debug: Processing chunk 4/30
Segment 4: 就唯一audio轉曲嘅都失敗咗因為我哋搵唔到其他apps
Debug: Processing chunk 5/30
Segment 5: audio gold之前嗰啲嘢
Debug: Processing chunk 6/30
Segment 6: 我同一個
Debug: Processing chunk 7/30
Debug: Unclear for segment 7
Debug: Processing chunk 8/30
Debug: Unclear for segment 8
Debug: Processing chunk 9/30
Segment 9: 拉一拉溫度
Debug: Processing chunk 10/30
Debug: Unclear for segment 10
Debug: Processing chunk 11/30
Segment 11: 中醫點樣先至可以返
Debug: Processing chunk 12/30
Debug: Unclear for segment 12
Debug: Processing chunk 13/30
Segment 13: 國家牌
Debug: Processing chunk 14/30
Segment 14: 係呀啲javascript and may叫嗰張嗰度叫佢將你叫佢將軍澳
Debug: Processing chunk 15/30
Debug: Unclear for segment 15
Debug: Processing chunk 16/30
Segment 16: 可能就要問啦咁佢如果ok咁要點呀ok google下一步就係你講我要audio就係咁啦都差唔到audio test啦咁我用
Debug: Processing chunk 17/30
Segment 17: 有一個係得㗎啦係ai可以啱啱過audio咁我哋就轉咗架車唔跟住叫佢再再去其他ai會將個曲出嚟囉即係test轉曲但係呢
Debug: Processing chunk 18/30
Segment 18: 想個問題係個問題喺邊度問題係有個code收到audio files就出個translation
Debug: Processing chunk 19/30
Segment 19: 你話美國mm2係用到audio to the number你之前嗰個落去然之後transfer之前嗰舊嘢囉我哋嗰個project meeting即係有個你你四分鐘四分鐘你搞咗30分鐘嗰個
Debug: Processing chunk 20/30
Debug: Unclear for segment 20
Debug: Processing chunk 21/30
Segment 21: 其他都唔得啦其他冇得support audio我哋通常會問呢唔係用其他free assessment然之後就再
Debug: Processing chunk 22/30
Segment 22: 搵airpods之後就搵個app呀然之後嘅如果唔識嘅話就話我想用我想同你我想用呢一個然之後再睇下可唔可以幫我去call佢call reverse唔識點call呢你就可以
Debug: Processing chunk 23/30
Segment 23: 呢兩組佢哋都call咗都做咗出嚟拖到嘢㗎咁其實一樣咁你即係
Debug: Processing chunk 24/30
Segment 24: 咁如果你用都得ai in
Debug: Processing chunk 25/30
Debug: Unclear for segment 25
Debug: Processing chunk 26/30
Segment 26: 激光唔知想
Debug: Processing chunk 27/30
Segment 27: open source free parking囉
Debug: Processing chunk 28/30
Debug: Unclear for segment 28
Debug: Processing chunk 29/30
Segment 29: 跟住就去搵佢嗰個api係咪唔食囉
Debug: Processing chunk 30/30
Debug: Unclear for segment 30
Debug: Deleted chunk_0.wav
Debug: Deleted chunk_1.wav
Debug: Deleted chunk_2.wav
Debug: Deleted chunk_3.wav
Debug: Deleted chunk_4.wav
Debug: Deleted chunk_5.wav
Debug: Deleted chunk_6.wav
Debug: Deleted chunk_7.wav
Debug: Deleted chunk_8.wav
Debug: Deleted chunk_9.wav
Debug: Deleted chunk_10.wav
Debug: Deleted chunk_11.wav
Debug: Deleted chunk_12.wav
Debug: Deleted chunk_13.wav
Debug: Deleted chunk_14.wav
Debug: Deleted chunk_15.wav
Debug: Deleted chunk_16.wav
Debug: Deleted chunk_17.wav
Debug: Deleted chunk_18.wav
Debug: Deleted chunk_19.wav
Debug: Deleted chunk_20.wav
Debug: Deleted chunk_21.wav
Debug: Deleted chunk_22.wav
Debug: Deleted chunk_23.wav
Debug: Deleted chunk_24.wav
Debug: Deleted chunk_25.wav
Debug: Deleted chunk_26.wav
Debug: Deleted chunk_27.wav
Debug: Deleted chunk_28.wav
Debug: Deleted chunk_29.wav
Debug: Transcription complete.
[Unclear] [Segment 2] 因為呢我哋就冇嗰啲it大嘅跟住就乜都好亂睇得出係咪就係我哋而家做咗啲嘢 [Segment 3] 做咗超文啦最緊要啦呢個系test嚟㗎嘛咁佢呢就要send去ling到呀得一個咁甩法寶嗰度呢佢就有冇得啊有 [Segment 4] 就唯一audio轉曲嘅都失敗咗因為我哋搵唔到其他apps [Segment 5] audio gold之前嗰啲嘢 [Segment 6] 我同一個 [Unclear] [Unclear] [Segment 9] 拉一拉溫度 [Unclear] [Segment 11] 中醫點樣先至可以返 [Unclear] [Segment 13] 國家牌 [Segment 14] 係呀啲javascript and may叫嗰張嗰度叫佢將你叫佢將軍澳 [Unclear] [Segment 16] 可能就要問啦咁佢如果ok咁要點呀ok google下一步就係你講我要audio就係咁啦都差唔到audio test啦咁我用 [Segment 17] 有一個係得㗎啦係ai可以啱啱過audio咁我哋就轉咗架車唔跟住叫佢再再去其他ai會將個曲出嚟囉即係test轉曲但係呢 [Segment 18] 想個問題係個問題喺邊度問題係有個code收到audio files就出個translation [Segment 19] 你話美國mm2係用到audio to the number你之前嗰個落去然之後transfer之前嗰舊嘢囉我哋嗰個project meeting即係有個你你四分鐘四分鐘你搞咗30分鐘嗰個 [Unclear] [Segment 21] 其他都唔得啦其他冇得support audio我哋通常會問呢唔係用其他free assessment然之後就再 [Segment 22] 搵airpods之後就搵個app呀然之後嘅如果唔識嘅話就話我想用我想同你我想用呢一個然之後再睇下可唔可以幫我去call佢call reverse唔識點call呢你就可以 [Segment 23] 呢兩組佢哋都call咗都做咗出嚟拖到嘢㗎咁其實一樣咁你即係 [Segment 24] 咁如果你用都得ai in [Unclear] [Segment 26] 激光唔知想 [Segment 27] open source free parking囉 [Unclear] [Segment 29] 跟住就去搵佢嗰個api係咪唔食囉 [Unclear]
